[    2309ms] [LOG] [Fast Refresh] rebuilding @ webpack-internal:///(app-pages-browser)/./node_modules/next/dist/client/dev/hot-reloader/app/hot-reloader-app.js:196
[    4190ms] [LOG] [Fast Refresh] done in 1881ms @ webpack-internal:///(app-pages-browser)/./node_modules/next/dist/client/dev/report-hmr-latency.js:13
[    6783ms] [ERROR] Failed to load resource: the server responded with a status of 500 (Internal Server Error) @ http://localhost:3000/:0
[    7110ms] [INFO] %cDownload the React DevTools for a better development experience: https://react.dev/link/react-devtools font-weight:bold @ webpack-internal:///(pages-dir-browser)/./node_modules/react-dom/cjs/react-dom-client.development.js:28004
[    7205ms] TypeError: __webpack_modules__[moduleId] is not a function
    at Object.__webpack_require__ [as require] (file:///Users/feliperomero/PROJECTS/TZURIX/CLIENTES/emide-loja/.next/server/webpack-runtime.js:25:42)
    at Object.require (file:///Users/feliperomero/PROJECTS/TZURIX/CLIENTES/emide-loja/node_modules/next/dist/compiled/next-server/app-page.runtime.dev.js:40:28568)
    at globalThis.__next_require__ (file:///Users/feliperomero/PROJECTS/TZURIX/CLIENTES/emide-loja/node_modules/next/dist/compiled/next-server/app-page.runtime.dev.js:40:29391)
    at requireModule (file:///Users/feliperomero/PROJECTS/TZURIX/CLIENTES/emide-loja/node_modules/next/dist/compiled/next-server/app-page.runtime.dev.js:2:318257)
    at initializeModuleChunk (file:///Users/feliperomero/PROJECTS/TZURIX/CLIENTES/emide-loja/node_modules/next/dist/compiled/next-server/app-page.runtime.dev.js:2:347655)
    at getOutlinedModel (file:///Users/feliperomero/PROJECTS/TZURIX/CLIENTES/emide-loja/node_modules/next/dist/compiled/next-server/app-page.runtime.dev.js:2:357414)
    at <unknown> (file:///Users/feliperomero/PROJECTS/TZURIX/CLIENTES/emide-loja/node_modules/next/dist/compiled/next-server/app-page.runtime.dev.js:2:365575)
    at ResponseInstance._fromJSON (file:///Users/feliperomero/PROJECTS/TZURIX/CLIENTES/emide-loja/node_modules/next/dist/compiled/next-server/app-page.runtime.dev.js:2:365666)
    at JSON.parse (<anonymous>)
    at initializeModelChunk (file:///Users/feliperomero/PROJECTS/TZURIX/CLIENTES/emide-loja/node_modules/next/dist/compiled/next-server/app-page.runtime.dev.js:2:347046)
    at resolveModelChunk (file:///Users/feliperomero/PROJECTS/TZURIX/CLIENTES/emide-loja/node_modules/next/dist/compiled/next-server/app-page.runtime.dev.js:2:345334)
    at processFullStringRow (file:///Users/feliperomero/PROJECTS/TZURIX/CLIENTES/emide-loja/node_modules/next/dist/compiled/next-server/app-page.runtime.dev.js:2:384686)
    at <unknown> (file:///Users/feliperomero/PROJECTS/TZURIX/CLIENTES/emide-loja/node_modules/next/dist/compiled/next-server/app-page.runtime.dev.js:2:387089)
    at processBinaryChunk (file:///Users/feliperomero/PROJECTS/TZURIX/CLIENTES/emide-loja/node_modules/next/dist/compiled/next-server/app-page.runtime.dev.js:2:387161)
    at progress (file:///Users/feliperomero/PROJECTS/TZURIX/CLIENTES/emide-loja/node_modules/next/dist/compiled/next-server/app-page.runtime.dev.js:2:388689)
[    7201ms] [LOG] [HMR] connected @ webpack-internal:///(pages-dir-browser)/./node_modules/next/dist/client/dev/hot-reloader/pages/websocket.js:45
[   10615ms] [WARNING] The resource http://localhost:3000/_next/static/media/da43e04cd8194e10.p.woff2 was preloaded using link preload but not used within a few seconds from the window's load event. Please make sure it has an appropriate `as` value and it is preloaded intentionally. @ http://localhost:3000/:0
[   10615ms] [WARNING] The resource http://localhost:3000/_next/static/media/563f572688a28334-s.p.woff2 was preloaded using link preload but not used within a few seconds from the window's load event. Please make sure it has an appropriate `as` value and it is preloaded intentionally. @ http://localhost:3000/:0
[   17822ms] [ERROR] WebSocket connection to 'ws://localhost:3000/_next/webpack-hmr' failed: Error in connection establishment: net::ERR_CONNECTION_REFUSED @ webpack-internal:///(pages-dir-browser)/./node_modules/next/dist/client/dev/hot-reloader/pages/websocket.js:88
[   18826ms] [ERROR] WebSocket connection to 'ws://localhost:3000/_next/webpack-hmr' failed: Error in connection establishment: net::ERR_CONNECTION_REFUSED @ webpack-internal:///(pages-dir-browser)/./node_modules/next/dist/client/dev/hot-reloader/pages/websocket.js:88
[   19829ms] [ERROR] WebSocket connection to 'ws://localhost:3000/_next/webpack-hmr' failed: Error in connection establishment: net::ERR_CONNECTION_REFUSED @ webpack-internal:///(pages-dir-browser)/./node_modules/next/dist/client/dev/hot-reloader/pages/websocket.js:88
[   20831ms] [ERROR] WebSocket connection to 'ws://localhost:3000/_next/webpack-hmr' failed: Error in connection establishment: net::ERR_CONNECTION_REFUSED @ webpack-internal:///(pages-dir-browser)/./node_modules/next/dist/client/dev/hot-reloader/pages/websocket.js:88
[   21834ms] [ERROR] WebSocket connection to 'ws://localhost:3000/_next/webpack-hmr' failed: Error in connection establishment: net::ERR_CONNECTION_REFUSED @ webpack-internal:///(pages-dir-browser)/./node_modules/next/dist/client/dev/hot-reloader/pages/websocket.js:88
[   26839ms] [ERROR] WebSocket connection to 'ws://localhost:3000/_next/webpack-hmr' failed: Error in connection establishment: net::ERR_CONNECTION_REFUSED @ webpack-internal:///(pages-dir-browser)/./node_modules/next/dist/client/dev/hot-reloader/pages/websocket.js:88
[   31842ms] [ERROR] WebSocket connection to 'ws://localhost:3000/_next/webpack-hmr' failed: Error in connection establishment: net::ERR_CONNECTION_REFUSED @ webpack-internal:///(pages-dir-browser)/./node_modules/next/dist/client/dev/hot-reloader/pages/websocket.js:88
[   36849ms] [LOG] [HMR] connected @ webpack-internal:///(pages-dir-browser)/./node_modules/next/dist/client/dev/hot-reloader/pages/websocket.js:45
[   36866ms] [ERROR] Failed to load resource: the server responded with a status of 404 (Not Found) @ http://localhost:3000/_next/static/webpack/ce1fbae3d00d1077.webpack.hot-update.json:0
[   36867ms] [WARNING] [Fast Refresh] performing full reload because your application had an unrecoverable error @ webpack-internal:///(pages-dir-browser)/./node_modules/next/dist/client/dev/hot-reloader/pages/hot-reloader-pages.js:347
[   38010ms] [LOG] [Fast Refresh] rebuilding @ webpack-internal:///(pages-dir-browser)/./node_modules/next/dist/client/dev/hot-reloader/pages/hot-reloader-pages.js:206
[   39869ms] [WARNING] The resource http://localhost:3000/_next/static/media/da43e04cd8194e10.p.woff2 was preloaded using link preload but not used within a few seconds from the window's load event. Please make sure it has an appropriate `as` value and it is preloaded intentionally. @ http://localhost:3000/:0
[   39869ms] [WARNING] The resource http://localhost:3000/_next/static/media/563f572688a28334-s.p.woff2 was preloaded using link preload but not used within a few seconds from the window's load event. Please make sure it has an appropriate `as` value and it is preloaded intentionally. @ http://localhost:3000/:0
